npx : [33mThe CJS build of Vite's Node API is deprecated. See 
https://vite.dev/guide/troubleshooting.html#vite-cjs-node-api-deprecated for more 
details.[39m
At line:1 char:161
+ ... drivebook"; npx vitest run audit-05-http --reporter=verbose 2>&1 | Ou ...
+                 ~~~~~~~~~~~~~~~~~~~~~~~~~~~~~~~~~~~~~~~~~~~~~~~~~~~~
    + CategoryInfo          : NotSpecified: ([33mThe CJS bu...e details.[39m:St 
   ring) [], RemoteException
    + FullyQualifiedErrorId : NativeCommandError
 

[7m[1m[36m RUN [39m[22m[27m [36mv1.6.1[39m [90mE:/DOC/flowstate-wms/AI voice assistance - Copy - Copy - Copy/drivebook[39m

[90mstdout[2m | __tests__/integration/audit-05-http-provider-review-atomicity.test.ts[2m > [22m[2mAUDIT-05: Provider Review Atomic Audit Coverage (HTTP)[22m[39m
[AUDIT-05-HTTP] Database: postgresql://postgres:testpass@localhost:5433/drivebook_test...

[90mstdout[2m | __tests__/integration/audit-05-http-provider-review-atomicity.test.ts[2m > [22m[2mAUDIT-05: Provider Review Atomic Audit Coverage (HTTP)[22m[39m
[AUDIT-05-HTTP] Server is reachable

[90mstdout[2m | __tests__/integration/audit-05-http-provider-review-atomicity.test.ts[2m > [22m[2mAUDIT-05: Provider Review Atomic Audit Coverage (HTTP)[22m[39m
[AUDIT-05-HTTP] Cleanup complete


[31mΓÄ»ΓÄ»ΓÄ»ΓÄ»ΓÄ»ΓÄ»[1m[7m Failed Suites 1 
[27m[22mΓÄ»ΓÄ»ΓÄ»ΓÄ»ΓÄ»ΓÄ»ΓÄ»[39m

[31m[1m[7m FAIL [27m[22m[39m 
__tests__/integration/audit-05-http-provider-review-atomicity.test.ts[2m > 
[22mAUDIT-05: Provider Review Atomic Audit Coverage (HTTP)
[31m[1mError[22m: Admin authentication failed: 404 {"error":"API endpoint not 
found"}[39m
[36m [2mΓ¥»[22m __tests__/integration/audit-05-http-provider-review-atomicity.t
est.ts:[2m104:13[22m[39m
    [90m102| [39m
    [90m103| [39m    [35mif[39m (adminAuthRes[33m.[39mstatus [33m!==[39m 
[34m200[39m [33m&&[39m adminAuthRes[33m.[39mstatus [33m!==[39m 
[34m302[39m) {
    [90m104| [39m      [35mthrow[39m [35mnew[39m 
[33mError[39m([32m`Admin authentication failed: 
[39m[36m${[39madminAuthRes[33m.[39mstaΓÇª
    [90m   | [39m            [31m^[39m
    [90m105| [39m    }
    [90m106| [39m
[2m Test Files [22m [1m[31m1 failed[39m[22m[90m (1)[39m

[2m      Tests [22m [90m (7)[39m
[31m[2mΓÄ»ΓÄ»ΓÄ»ΓÄ»ΓÄ»ΓÄ»ΓÄ»ΓÄ»ΓÄ»ΓÄ»ΓÄ»ΓÄ»ΓÄ»ΓÄ»ΓÄ»ΓÄ»ΓÄ»ΓÄ»ΓÄ»ΓÄ»ΓÄ»ΓÄ»ΓÄ»ΓÄ»[
1/1]ΓÄ»[22m[39m

[2m   Start at [22m 21:31:44
[2m   Duration [22m 7.40s[2m (transform 584ms, setup 155ms, collect 1.45s, tests 1.36s, environment 0ms, prepare 640ms)[22m

